
== ./

== ken/

== chan/

== interface/

== syntax/

== dwarf/

== fixedbugs/

== bugs/

=========== bugs/bug395.go
bug395 is broken
