0.04 ./235
1.72 ./64bit
0.03 ./alias
0.03 ./alias1
0.30 ./append
0.07 ./args
0.02 ./assign
0.04 ./assign1
0.04 ./bigalg
0.03 ./bigmap
0.14 ./blank
0.03 ./blank1
0.03 ./chancap
0.07 ./char_lit
0.03 ./char_lit1
0.09 ./closedchan
0.05 ./closure
0.06 ./cmp
0.02 ./cmp6
0.03 ./cmplx
0.60 ./cmplxdivide
0.00 ./cmplxdivide1
0.04 ./complit
0.02 ./complit1
0.03 ./compos
0.04 ./const
0.03 ./const1
0.03 ./const2
0.13 ./const3
0.08 ./convert
0.03 ./convert1
0.02 ./convert3
0.04 ./convlit
0.02 ./convlit1
0.34 ./copy
0.27 ./crlf
0.05 ./ddd
0.02 ./ddd1
0.00 ./ddd2
0.04 ./ddd3
0.03 ./decl
0.03 ./declbad
0.14 ./defer
0.03 ./deferprint
0.14 ./divide
0.00 ./empty
0.08 ./env
0.00 ./eof
0.00 ./eof1
0.04 ./escape
0.12 ./escape2
0.03 ./escape3
0.05 ./float_lit
0.14 ./floatcmp
0.03 ./for
0.04 ./func
0.03 ./func1
0.00 ./func2
0.03 ./func3
0.03 ./func4
0.03 ./func5
0.00 ./func6
0.04 ./func7
0.03 ./gc
0.04 ./gc1
0.26 ./gc2
0.06 ./goprint
0.04 ./goto
0.04 ./hashmap
0.03 ./helloworld
0.03 ./if
0.02 ./import
0.15 ./import1
0.00 ./import2
0.01 ./import3
0.14 ./import4
1.70 ./index
0.03 ./indirect
0.02 ./indirect1
0.02 ./init
0.25 ./init1
0.03 ./initcomma
0.15 ./initialize
0.02 ./initializerr
0.06 ./initsyscall
0.07 ./int_lit
0.03 ./intcvt
0.03 ./iota
0.03 ./label
0.03 ./label1
0.04 ./literal
0.15 ./malloc1
0.06 ./mallocfin
0.19 ./mallocrand
0.21 ./mallocrep
0.52 ./mallocrep1
0.17 ./map
0.02 ./map1
0.05 ./method
0.02 ./method1
0.03 ./method2
0.04 ./method3
0.06 ./named
0.03 ./named1
0.18 ./nil
0.15 ./nilptr
0.16 ./nul1
0.00 ./parentype
0.11 ./peano
0.02 ./printbig
0.05 ./range
0.04 ./recover
0.04 ./recover1
0.08 ./recover2
0.06 ./recover3
0.14 ./rename
0.02 ./rename1
0.16 ./reorder
0.00 ./rune
0.03 ./runtime
0.03 ./shift1
0.01 ./shift2
0.03 ./sieve
0.06 ./sigchld
0.03 ./simassign
0.02 ./sinit
0.00 ./sizeof
0.03 ./solitaire
0.06 ./stack
0.08 ./string_lit
0.14 ./stringrange
0.04 ./struct0
0.04 ./switch
0.08 ./switch1
0.02 ./switch3
0.04 ./test0
0.03 ./turing
0.07 ./typeswitch
0.15 ./typeswitch1
0.02 ./typeswitch2
0.03 ./typeswitch3
0.02 ./undef
0.04 ./utf
0.03 ./varerr
0.03 ./varinit
0.26 ./zerodivide
0.04 ken/array
0.11 ken/chan
0.04 ken/chan1
0.04 ken/complit
0.07 ken/convert
0.03 ken/cplx0
0.02 ken/cplx1
0.06 ken/cplx2
0.09 ken/cplx3
0.14 ken/cplx4
0.03 ken/cplx5
0.31 ken/divconst
0.05 ken/divmod
0.04 ken/embed
0.03 ken/for
0.04 ken/interbasic
0.03 ken/interfun
0.04 ken/intervar
0.03 ken/label
0.03 ken/litfun
0.03 ken/mfunc
0.34 ken/modconst
0.03 ken/ptrfun
0.03 ken/ptrvar
0.04 ken/range
0.03 ken/rob1
0.18 ken/rob2
0.04 ken/robfor
0.04 ken/robfunc
0.03 ken/shift
0.03 ken/simparray
0.04 ken/simpbool
0.03 ken/simpconv
0.03 ken/simpfun
0.03 ken/simpswitch
0.03 ken/simpvar
0.02 ken/slicearray
0.03 ken/sliceslice
0.03 ken/string
0.03 ken/strvar
0.32 chan/doubleselect
0.06 chan/fifo
0.12 chan/goroutines
0.07 chan/nonblock
0.02 chan/perm
0.10 chan/powser1
0.09 chan/powser2
0.03 chan/select
0.15 chan/select2
0.97 chan/select3
0.03 chan/select4
0.72 chan/select5
0.03 chan/select6
0.04 chan/select7
0.03 chan/sendstmt
0.03 chan/sieve1
0.04 chan/sieve2
0.02 chan/zerosize
0.04 interface/bigdata
0.04 interface/convert
0.03 interface/convert1
0.03 interface/convert2
0.09 interface/embed
0.00 interface/embed0
0.03 interface/embed1
0.02 interface/embed2
0.02 interface/explicit
0.03 interface/fail
0.09 interface/fake
0.03 interface/noeq
0.03 interface/pointer
0.03 interface/private
0.00 interface/private1
0.04 interface/receiver
0.03 interface/receiver1
0.00 interface/recursive
0.03 interface/returntype
0.09 interface/struct
0.02 syntax/chan
0.03 syntax/chan1
0.02 syntax/else
0.02 syntax/forvar
0.03 syntax/if
0.03 syntax/import
0.03 syntax/interface
0.03 syntax/semi1
0.02 syntax/semi2
0.03 syntax/semi3
0.03 syntax/semi4
0.02 syntax/semi5
0.03 syntax/semi6
0.02 syntax/semi7
0.02 syntax/topexpr
0.03 syntax/typesw
0.02 syntax/vareq
0.03 syntax/vareq1
0.04 dwarf/linedirectives
0.05 dwarf/main
0.00 dwarf/z1
0.00 dwarf/z10
0.00 dwarf/z11
0.00 dwarf/z12
0.00 dwarf/z13
0.00 dwarf/z14
0.00 dwarf/z15
0.00 dwarf/z16
0.00 dwarf/z17
0.00 dwarf/z18
0.00 dwarf/z19
0.00 dwarf/z2
0.00 dwarf/z20
0.00 dwarf/z3
0.00 dwarf/z4
0.00 dwarf/z5
0.00 dwarf/z6
0.00 dwarf/z7
0.00 dwarf/z8
0.00 dwarf/z9
0.03 fixedbugs/bug000
0.03 fixedbugs/bug002
0.03 fixedbugs/bug003
0.03 fixedbugs/bug004
0.04 fixedbugs/bug005
0.08 fixedbugs/bug006
0.03 fixedbugs/bug007
0.03 fixedbugs/bug008
0.02 fixedbugs/bug009
0.03 fixedbugs/bug010
0.03 fixedbugs/bug011
0.03 fixedbugs/bug012
0.03 fixedbugs/bug013
0.03 fixedbugs/bug014
0.02 fixedbugs/bug015
0.02 fixedbugs/bug016
0.03 fixedbugs/bug017
0.00 fixedbugs/bug020
0.03 fixedbugs/bug021
0.02 fixedbugs/bug022
0.03 fixedbugs/bug023
0.03 fixedbugs/bug024
0.03 fixedbugs/bug026
0.14 fixedbugs/bug027
0.03 fixedbugs/bug028
0.02 fixedbugs/bug030
0.03 fixedbugs/bug031
0.02 fixedbugs/bug035
0.00 fixedbugs/bug036
0.02 fixedbugs/bug037
0.00 fixedbugs/bug038
0.03 fixedbugs/bug039
0.00 fixedbugs/bug040
0.03 fixedbugs/bug045
0.03 fixedbugs/bug046
0.03 fixedbugs/bug047
0.02 fixedbugs/bug048
0.03 fixedbugs/bug049
0.03 fixedbugs/bug050
0.02 fixedbugs/bug051
0.03 fixedbugs/bug052
0.03 fixedbugs/bug053
0.03 fixedbugs/bug054
0.03 fixedbugs/bug055
0.03 fixedbugs/bug056
0.00 fixedbugs/bug057
0.04 fixedbugs/bug058
0.08 fixedbugs/bug059
0.08 fixedbugs/bug060
0.03 fixedbugs/bug061
0.03 fixedbugs/bug062
0.00 fixedbugs/bug063
0.00 fixedbugs/bug064
0.03 fixedbugs/bug065
0.00 fixedbugs/bug066
0.03 fixedbugs/bug067
0.03 fixedbugs/bug068
0.00 fixedbugs/bug069
0.15 fixedbugs/bug070
0.00 fixedbugs/bug071
0.03 fixedbugs/bug072
0.03 fixedbugs/bug073
0.03 fixedbugs/bug074
0.03 fixedbugs/bug075
0.03 fixedbugs/bug076
0.00 fixedbugs/bug077
0.03 fixedbugs/bug078
0.00 fixedbugs/bug080
0.02 fixedbugs/bug081
0.03 fixedbugs/bug082
0.03 fixedbugs/bug083
0.04 fixedbugs/bug084
0.02 fixedbugs/bug085
0.03 fixedbugs/bug086
0.00 fixedbugs/bug087
0.01 fixedbugs/bug088
0.00 fixedbugs/bug089
0.03 fixedbugs/bug090
0.02 fixedbugs/bug091
0.03 fixedbugs/bug092
0.03 fixedbugs/bug093
0.00 fixedbugs/bug094
0.00 fixedbugs/bug096
0.03 fixedbugs/bug097
0.00 fixedbugs/bug098
0.03 fixedbugs/bug099
0.03 fixedbugs/bug101
0.03 fixedbugs/bug102
0.02 fixedbugs/bug103
0.03 fixedbugs/bug104
0.01 fixedbugs/bug106
0.03 fixedbugs/bug107
0.03 fixedbugs/bug108
0.00 fixedbugs/bug109
0.03 fixedbugs/bug110
0.03 fixedbugs/bug111
0.00 fixedbugs/bug112
0.03 fixedbugs/bug113
0.03 fixedbugs/bug114
0.00 fixedbugs/bug115
0.03 fixedbugs/bug116
0.02 fixedbugs/bug117
0.00 fixedbugs/bug118
0.03 fixedbugs/bug119
0.11 fixedbugs/bug120
0.02 fixedbugs/bug121
0.03 fixedbugs/bug122
0.03 fixedbugs/bug123
0.02 fixedbugs/bug126
0.02 fixedbugs/bug127
0.03 fixedbugs/bug128
0.01 fixedbugs/bug129
0.08 fixedbugs/bug130
0.02 fixedbugs/bug131
0.02 fixedbugs/bug132
0.03 fixedbugs/bug133
0.00 fixedbugs/bug135
0.02 fixedbugs/bug136
0.00 fixedbugs/bug137
0.00 fixedbugs/bug139
0.00 fixedbugs/bug140
0.07 fixedbugs/bug141
0.03 fixedbugs/bug142
0.00 fixedbugs/bug143
0.00 fixedbugs/bug144
0.00 fixedbugs/bug145
0.03 fixedbugs/bug146
0.06 fixedbugs/bug147
0.03 fixedbugs/bug148
0.00 fixedbugs/bug149
0.00 fixedbugs/bug150
0.00 fixedbugs/bug151
0.03 fixedbugs/bug1515
0.03 fixedbugs/bug152
0.14 fixedbugs/bug154
0.03 fixedbugs/bug155
0.00 fixedbugs/bug156
0.00 fixedbugs/bug157
0.00 fixedbugs/bug158
0.07 fixedbugs/bug159
0.09 fixedbugs/bug160
0.00 fixedbugs/bug161
0.02 fixedbugs/bug163
0.00 fixedbugs/bug164
0.03 fixedbugs/bug165
0.03 fixedbugs/bug167
0.03 fixedbugs/bug168
0.02 fixedbugs/bug169
0.03 fixedbugs/bug170
0.03 fixedbugs/bug171
0.02 fixedbugs/bug172
0.00 fixedbugs/bug173
0.00 fixedbugs/bug174
0.03 fixedbugs/bug175
0.03 fixedbugs/bug176
0.09 fixedbugs/bug177
0.03 fixedbugs/bug178
0.03 fixedbugs/bug179
0.03 fixedbugs/bug180
0.03 fixedbugs/bug181
0.02 fixedbugs/bug182
0.03 fixedbugs/bug183
0.15 fixedbugs/bug184
0.04 fixedbugs/bug185
0.02 fixedbugs/bug186
0.08 fixedbugs/bug187
0.03 fixedbugs/bug188
0.03 fixedbugs/bug189
0.00 fixedbugs/bug190
0.04 fixedbugs/bug191
0.03 fixedbugs/bug192
0.03 fixedbugs/bug193
0.03 fixedbugs/bug194
0.02 fixedbugs/bug195
0.04 fixedbugs/bug196
0.02 fixedbugs/bug197
0.03 fixedbugs/bug198
0.03 fixedbugs/bug199
0.03 fixedbugs/bug200
0.03 fixedbugs/bug201
0.03 fixedbugs/bug202
0.03 fixedbugs/bug203
0.03 fixedbugs/bug204
0.02 fixedbugs/bug205
0.21 fixedbugs/bug206
0.14 fixedbugs/bug207
0.02 fixedbugs/bug208
0.02 fixedbugs/bug209
0.03 fixedbugs/bug211
0.03 fixedbugs/bug212
0.03 fixedbugs/bug213
0.00 fixedbugs/bug214
0.02 fixedbugs/bug215
0.00 fixedbugs/bug216
0.03 fixedbugs/bug217
0.00 fixedbugs/bug218
0.00 fixedbugs/bug219
0.04 fixedbugs/bug221
0.01 fixedbugs/bug222
0.00 fixedbugs/bug223
0.03 fixedbugs/bug224
0.03 fixedbugs/bug225
0.03 fixedbugs/bug227
0.03 fixedbugs/bug228
0.03 fixedbugs/bug229
0.03 fixedbugs/bug230
0.02 fixedbugs/bug231
0.00 fixedbugs/bug232
0.01 fixedbugs/bug233
0.04 fixedbugs/bug234
0.00 fixedbugs/bug235
0.04 fixedbugs/bug236
0.15 fixedbugs/bug237
0.03 fixedbugs/bug238
0.00 fixedbugs/bug239
0.03 fixedbugs/bug240
0.03 fixedbugs/bug241
0.04 fixedbugs/bug242
0.04 fixedbugs/bug243
0.03 fixedbugs/bug244
0.00 fixedbugs/bug245
0.03 fixedbugs/bug246
0.03 fixedbugs/bug247
0.11 fixedbugs/bug248
0.03 fixedbugs/bug249
0.00 fixedbugs/bug250
0.03 fixedbugs/bug251
0.03 fixedbugs/bug252
0.03 fixedbugs/bug253
0.03 fixedbugs/bug254
0.03 fixedbugs/bug255
0.03 fixedbugs/bug256
0.47 fixedbugs/bug257
0.14 fixedbugs/bug258
0.16 fixedbugs/bug259
0.16 fixedbugs/bug260
0.03 fixedbugs/bug261
0.10 fixedbugs/bug262
0.03 fixedbugs/bug263
0.03 fixedbugs/bug264
0.07 fixedbugs/bug265
0.03 fixedbugs/bug266
0.00 fixedbugs/bug267
0.03 fixedbugs/bug269
0.13 fixedbugs/bug271
0.02 fixedbugs/bug272
0.04 fixedbugs/bug273
0.02 fixedbugs/bug274
0.00 fixedbugs/bug275
0.03 fixedbugs/bug276
0.00 fixedbugs/bug277
0.03 fixedbugs/bug278
0.04 fixedbugs/bug279
0.02 fixedbugs/bug280
0.04 fixedbugs/bug281
0.00 fixedbugs/bug282
0.00 fixedbugs/bug283
0.03 fixedbugs/bug284
0.05 fixedbugs/bug285
0.04 fixedbugs/bug286
0.02 fixedbugs/bug287
0.00 fixedbugs/bug288
0.02 fixedbugs/bug289
0.04 fixedbugs/bug290
0.04 fixedbugs/bug291
0.03 fixedbugs/bug292
0.04 fixedbugs/bug293
0.03 fixedbugs/bug294
0.16 fixedbugs/bug295
0.04 fixedbugs/bug296
0.03 fixedbugs/bug297
0.03 fixedbugs/bug298
0.03 fixedbugs/bug299
0.03 fixedbugs/bug300
0.00 fixedbugs/bug301
0.04 fixedbugs/bug302
0.05 fixedbugs/bug303
0.00 fixedbugs/bug304
0.03 fixedbugs/bug305
0.01 fixedbugs/bug306
0.00 fixedbugs/bug307
0.01 fixedbugs/bug308
0.00 fixedbugs/bug309
0.04 fixedbugs/bug311
0.03 fixedbugs/bug312
0.04 fixedbugs/bug313
0.04 fixedbugs/bug314
0.00 fixedbugs/bug315
0.00 fixedbugs/bug316
0.03 fixedbugs/bug317
0.03 fixedbugs/bug318
0.00 fixedbugs/bug319
0.03 fixedbugs/bug320
0.14 fixedbugs/bug321
0.04 fixedbugs/bug322
0.03 fixedbugs/bug323
0.04 fixedbugs/bug324
0.03 fixedbugs/bug325
0.02 fixedbugs/bug326
0.04 fixedbugs/bug327
0.03 fixedbugs/bug328
0.04 fixedbugs/bug329
0.02 fixedbugs/bug330
0.04 fixedbugs/bug331
0.02 fixedbugs/bug332
0.03 fixedbugs/bug333
0.01 fixedbugs/bug334
0.01 fixedbugs/bug335
0.04 fixedbugs/bug336
0.03 fixedbugs/bug337
0.00 fixedbugs/bug338
0.03 fixedbugs/bug339
0.02 fixedbugs/bug340
0.03 fixedbugs/bug341
0.02 fixedbugs/bug342
0.04 fixedbugs/bug343
0.02 fixedbugs/bug344
0.03 fixedbugs/bug345
0.08 fixedbugs/bug346
0.04 fixedbugs/bug347
0.06 fixedbugs/bug348
0.03 fixedbugs/bug349
0.03 fixedbugs/bug350
0.02 fixedbugs/bug351
0.03 fixedbugs/bug352
0.03 fixedbugs/bug353
0.00 fixedbugs/bug354
0.03 fixedbugs/bug355
0.03 fixedbugs/bug356
0.02 fixedbugs/bug357
0.04 fixedbugs/bug358
0.00 fixedbugs/bug361
0.03 fixedbugs/bug362
0.03 fixedbugs/bug363
0.15 fixedbugs/bug364
0.02 fixedbugs/bug365
0.03 fixedbugs/bug366
0.03 fixedbugs/bug367
0.03 fixedbugs/bug368
0.51 fixedbugs/bug369
0.03 fixedbugs/bug370
0.02 fixedbugs/bug371
0.03 fixedbugs/bug372
0.03 fixedbugs/bug373
0.03 fixedbugs/bug374
0.03 fixedbugs/bug375
0.03 fixedbugs/bug376
0.01 fixedbugs/bug377
0.03 fixedbugs/bug378
0.02 fixedbugs/bug379
0.00 fixedbugs/bug380
0.03 fixedbugs/bug381
0.01 fixedbugs/bug382
0.03 fixedbugs/bug383
0.03 fixedbugs/bug384
0.00 fixedbugs/bug385_32
0.03 fixedbugs/bug385_64
0.03 fixedbugs/bug386
0.01 fixedbugs/bug387
0.02 fixedbugs/bug388
0.03 fixedbugs/bug389
0.03 fixedbugs/bug390
0.00 fixedbugs/bug391
0.01 fixedbugs/bug392
0.00 fixedbugs/bug393
0.03 fixedbugs/bug394
0.00 fixedbugs/bug395
0.01 fixedbugs/bug396
